# Bake Begins!
### (1 of 6) Copy sources
$ cp -a /home/travis/build/fontdirectory/leckerlione/METADATA.json /home/travis/build/fontdirectory/leckerlione/builds/build
$ cp -a /home/travis/build/fontdirectory/leckerlione/FONTLOG.txt /home/travis/build/fontdirectory/leckerlione/builds/build
$ cp -a /home/travis/build/fontdirectory/leckerlione/DESCRIPTION.en_us.html /home/travis/build/fontdirectory/leckerlione/builds/build
$ cp -a src/LeckerliOne-Regular.ufo LeckerliOne-Regular.ttf.ttx src/LeckerliOne-Regular.otf.ttx src/LeckerliOne-Regular-TTF.sfd src/LeckerliOne-Regular.otf.ttx src/LeckerliOne-Regular.otf._p_o_s_t.ttx src/LeckerliOne-Regular.otf._n_a_m_e.ttx src/LeckerliOne-Regular.otf._m_a_x_p.ttx src/LeckerliOne-Regular.otf._k_e_r_n.ttx src/LeckerliOne-Regular.otf._h_m_t_x.ttx src/LeckerliOne-Regular.otf._h_h_e_a.ttx src/LeckerliOne-Regular.otf._h_e_a_d.ttx src/LeckerliOne-Regular.otf._c_m_a_p.ttx src/LeckerliOne-Regular.otf.O_S_2f_2.ttx src/LeckerliOne-Regular.otf.GlyphOrder.ttx src/LeckerliOne-Regular.otf.G_P_O_S_.ttx src/LeckerliOne-Regular.otf.C_F_F_.ttx LeckerliOne-Regular.ttf._p_r_e_p.ttx LeckerliOne-Regular.ttf._p_o_s_t.ttx LeckerliOne-Regular.ttf._n_a_m_e.ttx LeckerliOne-Regular.ttf._m_a_x_p.ttx LeckerliOne-Regular.ttf._l_o_c_a.ttx LeckerliOne-Regular.ttf._h_m_t_x.ttx LeckerliOne-Regular.ttf._h_h_e_a.ttx LeckerliOne-Regular.ttf._h_e_a_d.ttx LeckerliOne-Regular.ttf._g_l_y_f.ttx LeckerliOne-Regular.ttf._g_a_s_p.ttx LeckerliOne-Regular.ttf._c_m_a_p.ttx LeckerliOne-Regular.ttf.O_S_2f_2.ttx LeckerliOne-Regular.ttf.GlyphOrder.ttx LeckerliOne-Regular.ttf.G_S_U_B_.ttx LeckerliOne-Regular.ttf.G_P_O_S_.ttx LeckerliOne-Regular.ttf.G_D_E_F_.ttx LeckerliOne-Regular.ttf.F_F_T_M_.ttx LeckerliOne-Regular.ttf.D_S_I_G_.ttx src/LeckerliOne-Regular.otf._p_o_s_t.ttx src/LeckerliOne-Regular.otf._n_a_m_e.ttx src/LeckerliOne-Regular.otf._m_a_x_p.ttx src/LeckerliOne-Regular.otf._k_e_r_n.ttx src/LeckerliOne-Regular.otf._h_m_t_x.ttx src/LeckerliOne-Regular.otf._h_h_e_a.ttx src/LeckerliOne-Regular.otf._h_e_a_d.ttx src/LeckerliOne-Regular.otf._c_m_a_p.ttx src/LeckerliOne-Regular.otf.O_S_2f_2.ttx src/LeckerliOne-Regular.otf.GlyphOrder.ttx src/LeckerliOne-Regular.otf.G_P_O_S_.ttx src/LeckerliOne-Regular.otf.C_F_F_.ttx /home/travis/build/fontdirectory/leckerlione/builds/build/sources
### (2 of 6) pyfontaine
### (3 of 6) Run upstream tests
$ fontbakery-check.py upstream-repo sources
$ fontaine --collections subsets --text /home/travis/build/fontdirectory/leckerlione/builds/build/sources/LeckerliOne-Regular.ufo /home/travis/build/fontdirectory/leckerlione/builds/build/sources/LeckerliOne-Regular.otf.ttx /home/travis/build/fontdirectory/leckerlione/builds/build/sources/LeckerliOne-Regular.ttf.ttx /home/travis/build/fontdirectory/leckerlione/builds/build/sources/LeckerliOne-Regular-TTF.sfd > fontaine.txt
WARNING: Please install [PyICU](https://pypi.python.org/pypi/PyICU) toenable [feature], perhaps with: pip install pyicu
bakery_lint.tests.upstream.test_prepolation.FontTestPrepolation.test_font_prepolation_glyph_contours(): FAIL
bakery_lint.tests.upstream.test_prepolation.FontTestPrepolation.test_font_prepolation_glyph_points(): FAIL
pyfontaine error: Not a TrueType or OpenType font (bad sfntVersion)
pyfontaine process has been failed
bakery_lint.tests.upstream.test_prepolation.FontTestPrepolation.test_font_test_prepolation_glyph_names(): OK
bakery_lint.tests.upstream.test_diacritic.TestDiacritic.test_diacritic_made_as_component(): OK
bakery_lint.tests.upstream.test_diacritic.TestDiacritic.test_diacritic_made_as_mark_to_mark(): OK
bakery_lint.tests.upstream.test_diacritic.TestDiacritic.test_diacritic_made_as_own_glyphs(): OK
bakery_lint.tests.upstream.test_check_upstream_sources.ProjectUpstreamTestCase.test_bakery_yaml_exists(): OK
bakery_lint.tests.upstream.test_check_upstream_sources.ProjectUpstreamTestCase.test_copyright_notices_same_across_family(): OK
bakery_lint.tests.upstream.test_check_upstream_sources.ProjectUpstreamTestCase.test_description_html_exists(): OK
bakery_lint.tests.upstream.test_check_upstream_sources.ProjectUpstreamTestCase.test_fontlog_txt_exists(): OK
bakery_lint.tests.upstream.test_check_upstream_sources.ProjectUpstreamTestCase.test_metadata_json_exists(): OK
$ fontbakery-check.py upstream LeckerliOne-Regular.ufo
bakery_lint.tests.upstream.test_unicode_value_should_appear_only_once_per_font.UnicodeValueShouldAppearOnlyOnce.testUnicodeValue(): FAIL
bakery_lint.tests.upstream.test_font_filename_eq_familystyle.TestTTFSourceFontFileNameEqualsFamilyStyle.test_source_ttf_font_filename_equals_familystyle(): ERROR
bakery_lint.tests.upstream.test_contour_count.TestContourCount.test_contour_count(): ERROR
bakery_lint.tests.upstream.test_check_ufo_requirements.UfoOpenTest.test_has_rupee(): ERROR
bakery_lint.tests.upstream.test_check_ufo_requirements.UfoOpenTest.test_is_A(): OK
bakery_lint.tests.upstream.test_check_ufo_requirements.UfoOpenTest.test_is_A_a_glyph_instance(): OK
bakery_lint.tests.upstream.test_check_ufo_requirements.UfoOpenTest.test_is_ended_ufo(): OK
bakery_lint.tests.upstream.test_check_ufo_requirements.UfoOpenTest.test_is_folder(): OK
bakery_lint.tests.upstream.test_check_ufo_requirements.UfoOpenTest.test_is_fsType_eq_1(): FAIL
bakery_lint.tests.upstream.test_check_ufo_requirements.UfoOpenTest.test_it_exists(): OK
Use of undefined glyph class, @_kern_A_left, on line 280 of /home/travis/build/fontdirectory/leckerlione/builds/build/sources/LeckerliOne-Regular.ufo/features.fea
Use of undefined glyph class, @_kern_A_left, on line 281 of /home/travis/build/fontdirectory/leckerlione/builds/build/sources/LeckerliOne-Regular.ufo/features.fea
Use of undefined glyph class, @_kern_A_left, on line 282 of /home/travis/build/fontdirectory/leckerlione/builds/build/sources/LeckerliOne-Regular.ufo/features.fea
Use of undefined glyph class, @_kern_A_left, on line 283 of /home/travis/build/fontdirectory/leckerlione/builds/build/sources/LeckerliOne-Regular.ufo/features.fea
Use of undefined glyph class, @_kern_A_left, on line 284 of /home/travis/build/fontdirectory/leckerlione/builds/build/sources/LeckerliOne-Regular.ufo/features.fea
Use of undefined glyph class, @_kern_A_left, on line 285 of /home/travis/build/fontdirectory/leckerlione/builds/build/sources/LeckerliOne-Regular.ufo/features.fea
Use of undefined glyph class, @_kern_A_left, on line 286 of /home/travis/build/fontdirectory/leckerlione/builds/build/sources/LeckerliOne-Regular.ufo/features.fea
Use of undefined glyph class, @_kern_A_left, on line 287 of /home/travis/build/fontdirectory/leckerlione/builds/build/sources/LeckerliOne-Regular.ufo/features.fea
Use of undefined glyph class, @_kern_A_left, on line 288 of /home/travis/build/fontdirectory/leckerlione/builds/build/sources/LeckerliOne-Regular.ufo/features.fea
Use of undefined glyph class, @_kern_A_left, on line 289 of /home/travis/build/fontdirectory/leckerlione/builds/build/sources/LeckerliOne-Regular.ufo/features.fea
Use of undefined glyph class, @_kern_A_left, on line 290 of /home/travis/build/fontdirectory/leckerlione/builds/build/sources/LeckerliOne-Regular.ufo/features.fea
Use of undefined glyph class, @_kern_E, on line 291 of /home/travis/build/fontdirectory/leckerlione/builds/build/sources/LeckerliOne-Regular.ufo/features.fea
Use of undefined glyph class, @_kern_E, on line 292 of /home/travis/build/fontdirectory/leckerlione/builds/build/sources/LeckerliOne-Regular.ufo/features.fea
Use of undefined glyph class, @_kern_E, on line 293 of /home/travis/build/fontdirectory/leckerlione/builds/build/sources/LeckerliOne-Regular.ufo/features.fea
Use of undefined glyph class, @_kern_E, on line 294 of /home/travis/build/fontdirectory/leckerlione/builds/build/sources/LeckerliOne-Regular.ufo/features.fea
Use of undefined glyph class, @_kern_E, on line 295 of /home/travis/build/fontdirectory/leckerlione/builds/build/sources/LeckerliOne-Regular.ufo/features.fea
Use of undefined glyph class, @_kern_E, on line 296 of /home/travis/build/fontdirectory/leckerlione/builds/build/sources/LeckerliOne-Regular.ufo/features.fea
Use of undefined glyph class, @_kern_E, on line 297 of /home/travis/build/fontdirectory/leckerlione/builds/build/sources/LeckerliOne-Regular.ufo/features.fea
Use of undefined glyph class, @_kern_E, on line 298 of /home/travis/build/fontdirectory/leckerlione/builds/build/sources/LeckerliOne-Regular.ufo/features.fea
Use of undefined glyph class, @_kern_E, on line 299 of /home/travis/build/fontdirectory/leckerlione/builds/build/sources/LeckerliOne-Regular.ufo/features.fea
Use of undefined glyph class, @_kern_E, on line 300 of /home/travis/build/fontdirectory/leckerlione/builds/build/sources/LeckerliOne-Regular.ufo/features.fea
Use of undefined glyph class, @_kern_E, on line 301 of /home/travis/build/fontdirectory/leckerlione/builds/build/sources/LeckerliOne-Regular.ufo/features.fea
Use of undefined glyph class, @_kern_E, on line 302 of /home/travis/build/fontdirectory/leckerlione/builds/build/sources/LeckerliOne-Regular.ufo/features.fea
Use of undefined glyph class, @_kern_E, on line 303 of /home/travis/build/fontdirectory/leckerlione/builds/build/sources/LeckerliOne-Regular.ufo/features.fea
Use of undefined glyph class, @_kern_N, on line 304 of /home/travis/build/fontdirectory/leckerlione/builds/build/sources/LeckerliOne-Regular.ufo/features.fea
Use of undefined glyph class, @_kern_N, on line 305 of /home/travis/build/fontdirectory/leckerlione/builds/build/sources/LeckerliOne-Regular.ufo/features.fea
Use of undefined glyph class, @_kern_N, on line 306 of /home/travis/build/fontdirectory/leckerlione/builds/build/sources/LeckerliOne-Regular.ufo/features.fea
Use of undefined glyph class, @_kern_N, on line 307 of /home/travis/build/fontdirectory/leckerlione/builds/build/sources/LeckerliOne-Regular.ufo/features.fea
Use of undefined glyph class, @_kern_N, on line 308 of /home/travis/build/fontdirectory/leckerlione/builds/build/sources/LeckerliOne-Regular.ufo/features.fea
Use of undefined glyph class, @_kern_N, on line 309 of /home/travis/build/fontdirectory/leckerlione/builds/build/sources/LeckerliOne-Regular.ufo/features.fea
Use of undefined glyph class, @_kern_N, on line 310 of /home/travis/build/fontdirectory/leckerlione/builds/build/sources/LeckerliOne-Regular.ufo/features.fea
Use of undefined glyph class, @_kern_N, on line 311 of /home/travis/build/fontdirectory/leckerlione/builds/build/sources/LeckerliOne-Regular.ufo/features.fea
Use of undefined glyph class, @_kern_N, on line 312 of /home/travis/build/fontdirectory/leckerlione/builds/build/sources/LeckerliOne-Regular.ufo/features.fea
Use of undefined glyph class, @_kern_N, on line 313 of /home/travis/build/fontdirectory/leckerlione/builds/build/sources/LeckerliOne-Regular.ufo/features.fea
Use of undefined glyph class, @_kern_N, on line 314 of /home/travis/build/fontdirectory/leckerlione/builds/build/sources/LeckerliOne-Regular.ufo/features.fea
Use of undefined glyph class, @_kern_N, on line 315 of /home/travis/build/fontdirectory/leckerlione/builds/build/sources/LeckerliOne-Regular.ufo/features.fea
Use of undefined glyph class, @_kern_N, on line 316 of /home/travis/build/fontdirectory/leckerlione/builds/build/sources/LeckerliOne-Regular.ufo/features.fea
Use of undefined glyph class, @_kern_N, on line 317 of /home/travis/build/fontdirectory/leckerlione/builds/build/sources/LeckerliOne-Regular.ufo/features.fea
Use of undefined glyph class, @_kern_D, on line 318 of /home/travis/build/fontdirectory/leckerlione/builds/build/sources/LeckerliOne-Regular.ufo/features.fea
Use of undefined glyph class, @_kern_D, on line 319 of /home/travis/build/fontdirectory/leckerlione/builds/build/sources/LeckerliOne-Regular.ufo/features.fea
Use of undefined glyph class, @_kern_D, on line 320 of /home/travis/build/fontdirectory/leckerlione/builds/build/sources/LeckerliOne-Regular.ufo/features.fea
Use of undefined glyph class, @_kern_y, on line 321 of /home/travis/build/fontdirectory/leckerlione/builds/build/sources/LeckerliOne-Regular.ufo/features.fea
Use of undefined glyph class, @_kern_I, on line 322 of /home/travis/build/fontdirectory/leckerlione/builds/build/sources/LeckerliOne-Regular.ufo/features.fea
Use of undefined glyph class, @_kern_I, on line 323 of /home/travis/build/fontdirectory/leckerlione/builds/build/sources/LeckerliOne-Regular.ufo/features.fea
Use of undefined glyph class, @_kern_I, on line 324 of /home/travis/build/fontdirectory/leckerlione/builds/build/sources/LeckerliOne-Regular.ufo/features.fea
Use of undefined glyph class, @_kern_I, on line 325 of /home/travis/build/fontdirectory/leckerlione/builds/build/sources/LeckerliOne-Regular.ufo/features.fea
Use of undefined glyph class, @_kern_I, on line 326 of /home/travis/build/fontdirectory/leckerlione/builds/build/sources/LeckerliOne-Regular.ufo/features.fea
Use of undefined glyph class, @_kern_I, on line 327 of /home/travis/build/fontdirectory/leckerlione/builds/build/sources/LeckerliOne-Regular.ufo/features.fea
Use of undefined glyph class, @_kern_quote_base9, on line 328 of /home/travis/build/fontdirectory/leckerlione/builds/build/sources/LeckerliOne-Regular.ufo/features.fea
Use of undefined glyph class, @_kern_quote_base9, on line 329 of /home/travis/build/fontdirectory/leckerlione/builds/build/sources/LeckerliOne-Regular.ufo/features.fea
Use of undefined glyph class, @_kern_quote_base9, on line 330 of /home/travis/build/fontdirectory/leckerlione/builds/build/sources/LeckerliOne-Regular.ufo/features.fea
Use of undefined glyph class, @_kern_quote_base9, on line 331 of /home/travis/build/fontdirectory/leckerlione/builds/build/sources/LeckerliOne-Regular.ufo/features.fea
Use of undefined glyph class, @_kern_quote_base9, on line 332 of /home/travis/build/fontdirectory/leckerlione/builds/build/sources/LeckerliOne-Regular.ufo/features.fea
Use of undefined glyph class, @_kern_quote_base9, on line 333 of /home/travis/build/fontdirectory/leckerlione/builds/build/sources/LeckerliOne-Regular.ufo/features.fea
Use of undefined glyph class, @_kern_quote_base9, on line 334 of /home/travis/build/fontdirectory/leckerlione/builds/build/sources/LeckerliOne-Regular.ufo/features.fea
Use of undefined glyph class, @_kern_quote_asc6, on line 335 of /home/travis/build/fontdirectory/leckerlione/builds/build/sources/LeckerliOne-Regular.ufo/features.fea
Use of undefined glyph class, @_kern_quote_asc6, on line 336 of /home/travis/build/fontdirectory/leckerlione/builds/build/sources/LeckerliOne-Regular.ufo/features.fea
Use of undefined glyph class, @_kern_quote_asc6, on line 337 of /home/travis/build/fontdirectory/leckerlione/builds/build/sources/LeckerliOne-Regular.ufo/features.fea
Use of undefined glyph class, @_kern_quote_asc6, on line 338 of /home/travis/build/fontdirectory/leckerlione/builds/build/sources/LeckerliOne-Regular.ufo/features.fea
Use of undefined glyph class, @_kern_quote_asc6, on line 339 of /home/travis/build/fontdirectory/leckerlione/builds/build/sources/LeckerliOne-Regular.ufo/features.fea
Use of undefined glyph class, @_kern_quote_asc6, on line 340 of /home/travis/build/fontdirectory/leckerlione/builds/build/sources/LeckerliOne-Regular.ufo/features.fea
Use of undefined glyph class, @_kern_quote_asc6, on line 341 of /home/travis/build/fontdirectory/leckerlione/builds/build/sources/LeckerliOne-Regular.ufo/features.fea
Use of undefined glyph class, @_kern_quote_asc6, on line 342 of /home/travis/build/fontdirectory/leckerlione/builds/build/sources/LeckerliOne-Regular.ufo/features.fea
Use of undefined glyph class, @_kern_quote_asc6, on line 343 of /home/travis/build/fontdirectory/leckerlione/builds/build/sources/LeckerliOne-Regular.ufo/features.fea
Use of undefined glyph class, @_kern_quote_asc6, on line 344 of /home/travis/build/fontdirectory/leckerlione/builds/build/sources/LeckerliOne-Regular.ufo/features.fea
Use of undefined glyph class, @_kern_quote_asc6, on line 345 of /home/travis/build/fontdirectory/leckerlione/builds/build/sources/LeckerliOne-Regular.ufo/features.fea
Use of undefined glyph class, @_kern_quote_asc6, on line 346 of /home/travis/build/fontdirectory/leckerlione/builds/build/sources/LeckerliOne-Regular.ufo/features.fea
Use of undefined glyph class, @_kern_quote_asc9, on line 347 of /home/travis/build/fontdirectory/leckerlione/builds/build/sources/LeckerliOne-Regular.ufo/features.fea
Use of undefined glyph class, @_kern_quote_asc9, on line 348 of /home/travis/build/fontdirectory/leckerlione/builds/build/sources/LeckerliOne-Regular.ufo/features.fea
Use of undefined glyph class, @_kern_quote_asc9, on line 349 of /home/travis/build/fontdirectory/leckerlione/builds/build/sources/LeckerliOne-Regular.ufo/features.fea
Use of undefined glyph class, @_kern_guillemotleft, on line 350 of /home/travis/build/fontdirectory/leckerlione/builds/build/sources/LeckerliOne-Regular.ufo/features.fea
Use of undefined glyph class, @_kern_guillemotleft, on line 351 of /home/travis/build/fontdirectory/leckerlione/builds/build/sources/LeckerliOne-Regular.ufo/features.fea
Use of undefined glyph class, @_kern_guillemotleft, on line 352 of /home/travis/build/fontdirectory/leckerlione/builds/build/sources/LeckerliOne-Regular.ufo/features.fea
Use of undefined glyph class, @_kern_guillemotleft, on line 353 of /home/travis/build/fontdirectory/leckerlione/builds/build/sources/LeckerliOne-Regular.ufo/features.fea
Use of undefined glyph class, @_kern_guillemotleft, on line 354 of /home/travis/build/fontdirectory/leckerlione/builds/build/sources/LeckerliOne-Regular.ufo/features.fea
Use of undefined glyph class, @_kern_guillemotleft, on line 355 of /home/travis/build/fontdirectory/leckerlione/builds/build/sources/LeckerliOne-Regular.ufo/features.fea
Use of undefined glyph class, @_kern_guillemotleft, on line 356 of /home/travis/build/fontdirectory/leckerlione/builds/build/sources/LeckerliOne-Regular.ufo/features.fea
Use of undefined glyph class, @_kern_guillemotleft, on line 357 of /home/travis/build/fontdirectory/leckerlione/builds/build/sources/LeckerliOne-Regular.ufo/features.fea
Use of undefined glyph class, @_kern_guillemotleft, on line 358 of /home/travis/build/fontdirectory/leckerlione/builds/build/sources/LeckerliOne-Regular.ufo/features.fea
Use of undefined glyph class, @_kern_guillemotleft, on line 359 of /home/travis/build/fontdirectory/leckerlione/builds/build/sources/LeckerliOne-Regular.ufo/features.fea
Use of undefined glyph class, @_kern_guillemotleft, on line 360 of /home/travis/build/fontdirectory/leckerlione/builds/build/sources/LeckerliOne-Regular.ufo/features.fea
Use of undefined glyph class, @_kern_guillemotright, on line 361 of /home/travis/build/fontdirectory/leckerlione/builds/build/sources/LeckerliOne-Regular.ufo/features.fea
Use of undefined glyph class, @_kern_guillemotright, on line 362 of /home/travis/build/fontdirectory/leckerlione/builds/build/sources/LeckerliOne-Regular.ufo/features.fea
Use of undefined glyph class, @_kern_guillemotright, on line 363 of /home/travis/build/fontdirectory/leckerlione/builds/build/sources/LeckerliOne-Regular.ufo/features.fea
Use of undefined glyph class, @_kern_guillemotright, on line 364 of /home/travis/build/fontdirectory/leckerlione/builds/build/sources/LeckerliOne-Regular.ufo/features.fea
Use of undefined glyph class, @_kern_guillemotright, on line 365 of /home/travis/build/fontdirectory/leckerlione/builds/build/sources/LeckerliOne-Regular.ufo/features.fea
Use of undefined glyph class, @_kern_guillemotright, on line 366 of /home/travis/build/fontdirectory/leckerlione/builds/build/sources/LeckerliOne-Regular.ufo/features.fea
Use of undefined glyph class, @_kern_guillemotright, on line 367 of /home/travis/build/fontdirectory/leckerlione/builds/build/sources/LeckerliOne-Regular.ufo/features.fea
Use of undefined glyph class, @_kern_V_left, on line 368 of /home/travis/build/fontdirectory/leckerlione/builds/build/sources/LeckerliOne-Regular.ufo/features.fea
Use of undefined glyph class, @_kern_V_left, on line 369 of /home/travis/build/fontdirectory/leckerlione/builds/build/sources/LeckerliOne-Regular.ufo/features.fea
Use of undefined glyph class, @_kern_V_left, on line 370 of /home/travis/build/fontdirectory/leckerlione/builds/build/sources/LeckerliOne-Regular.ufo/features.fea
Use of undefined glyph class, @_kern_V_left, on line 371 of /home/travis/build/fontdirectory/leckerlione/builds/build/sources/LeckerliOne-Regular.ufo/features.fea
Use of undefined glyph class, @_kern_V_left, on line 372 of /home/travis/build/fontdirectory/leckerlione/builds/build/sources/LeckerliOne-Regular.ufo/features.fea
Use of undefined glyph class, @_kern_V_left, on line 373 of /home/travis/build/fontdirectory/leckerlione/builds/build/sources/LeckerliOne-Regular.ufo/features.fea
Use of undefined glyph class, @_kern_V_left, on line 374 of /home/travis/build/fontdirectory/leckerlione/builds/build/sources/LeckerliOne-Regular.ufo/features.fea
Use of undefined glyph class, @_kern_quote_asc9, on line 376 of /home/travis/build/fontdirectory/leckerlione/builds/build/sources/LeckerliOne-Regular.ufo/features.fea
Use of undefined glyph class, @_kern_guillemotleft, on line 377 of /home/travis/build/fontdirectory/leckerlione/builds/build/sources/LeckerliOne-Regular.ufo/features.fea
Use of undefined glyph class, @_kern_guillemotright, on line 378 of /home/travis/build/fontdirectory/leckerlione/builds/build/sources/LeckerliOne-Regular.ufo/features.fea
Use of undefined glyph class, @_kern_quote_asc9, on line 379 of /home/travis/build/fontdirectory/leckerlione/builds/build/sources/LeckerliOne-Regular.ufo/features.fea
Use of undefined glyph class, @_kern_quote_asc6, on line 380 of /home/travis/build/fontdirectory/leckerlione/builds/build/sources/LeckerliOne-Regular.ufo/features.fea
Use of undefined glyph class, @_kern_guillemotleft, on line 381 of /home/travis/build/fontdirectory/leckerlione/builds/build/sources/LeckerliOne-Regular.ufo/features.fea
Expected 'kern' in lookup definition on line 382 of /home/travis/build/fontdirectory/leckerlione/builds/build/sources/LeckerliOne-Regular.ufo/features.fea
Expected ';' at statement end on line 382 of /home/travis/build/fontdirectory/leckerlione/builds/build/sources/LeckerliOne-Regular.ufo/features.fea
There were errors when parsing the feature file and the features have not been applied
bakery_lint.tests.upstream.test_check_ufo_fontfamily_recommendations.TestUFOFontFamilyNamingTest.test_familyname_less_than_32_chars(): OK
bakery_lint.tests.upstream.test_check_ufo_fontfamily_recommendations.TestUFOFontFamilyNamingTest.test_fullfontname_less_than_64_chars(): OK
bakery_lint.tests.upstream.test_check_ufo_fontfamily_recommendations.TestUFOFontFamilyNamingTest.test_postscriptname_consistof_allowed_chars(): OK
bakery_lint.tests.upstream.test_check_ufo_fontfamily_recommendations.TestUFOFontFamilyNamingTest.test_postscriptname_less_than_30_chars(): OK
bakery_lint.tests.upstream.test_check_ufo_fontfamily_recommendations.TestUFOFontFamilyNamingTest.test_stylename_less_than_32_chars(): OK
bakery_lint.tests.upstream.test_check_ufo_fontfamily_recommendations.TestUFOFontFamilyNamingTest.test_weight_value_range_between_250_and_900(): OK
$ fontbakery-check.py upstream-ttx LeckerliOne-Regular.otf.ttx
bakery_lint.tests.upstream.test_glyphname_does_not_contain_disallowed_chars.TestGlyphNameDoesNotContainsDisallowedChars.test_glyphname_does_not_contain_disallowed_chars(): OK
bakery_lint.tests.upstream.test_font_filename_eq_familystyle.TestTTFSourceFontFileNameEqualsFamilyStyle.test_source_ttf_font_filename_equals_familystyle(): FAIL
$ mv /home/travis/build/fontdirectory/leckerlione/builds/build/sources/LeckerliOne-Regular.otf.ttx /home/travis/build/fontdirectory/leckerlione/builds/build/sources/LeckerliOne-Regular.ttx
bakery_lint.tests.upstream.test_font_filename_eq_familystyle.TestTTFSourceFontFileNameEqualsFamilyStyle.test_source_ttf_font_filename_equals_familystyle(): OK
bakery_lint.tests.upstream.test_check_ttx_requirements.SourceTTXTest.test_epar_in_keys(): FAIL
bakery_lint.tests.upstream.test_check_ttx_requirements.SourceTTXTest.test_os2_in_keys(): OK
bakery_lint.tests.upstream.test_check_ttx_requirements.SourceTTXTest.test_ttx_doesnt_contain_duplicate_glyphs(): OK
bakery_lint.tests.upstream.test_check_ttx_fontfamily_recommendations.TTX_FontFamilyNamingTest.test_ttx_family_naming_recommendation(): OK
$ fontbakery-check.py upstream-ttx LeckerliOne-Regular.ttf.ttx
bakery_lint.tests.upstream.test_glyphname_does_not_contain_disallowed_chars.TestGlyphNameDoesNotContainsDisallowedChars.test_glyphname_does_not_contain_disallowed_chars(): FAIL
bakery_lint.tests.upstream.test_font_filename_eq_familystyle.TestTTFSourceFontFileNameEqualsFamilyStyle.test_source_ttf_font_filename_equals_familystyle(): FAIL
$ mv /home/travis/build/fontdirectory/leckerlione/builds/build/sources/LeckerliOne-Regular.ttf.ttx /home/travis/build/fontdirectory/leckerlione/builds/build/sources/LeckerliOne-Regular.ttx
bakery_lint.tests.upstream.test_font_filename_eq_familystyle.TestTTFSourceFontFileNameEqualsFamilyStyle.test_source_ttf_font_filename_equals_familystyle(): OK
bakery_lint.tests.upstream.test_check_ttx_requirements.SourceTTXTest.test_epar_in_keys(): FAIL
bakery_lint.tests.upstream.test_check_ttx_requirements.SourceTTXTest.test_os2_in_keys(): OK
bakery_lint.tests.upstream.test_check_ttx_requirements.SourceTTXTest.test_ttx_doesnt_contain_duplicate_glyphs(): OK
bakery_lint.tests.upstream.test_check_ttx_fontfamily_recommendations.TTX_FontFamilyNamingTest.test_ttx_family_naming_recommendation(): OK
$ fontbakery-check.py upstream LeckerliOne-Regular-TTF.sfd
bakery_lint.tests.upstream.test_unicode_value_should_appear_only_once_per_font.UnicodeValueShouldAppearOnlyOnce.testUnicodeValue(): ERROR
bakery_lint.tests.upstream.test_font_filename_eq_familystyle.TestTTFSourceFontFileNameEqualsFamilyStyle.test_source_ttf_font_filename_equals_familystyle(): ERROR
bakery_lint.tests.upstream.test_contour_count.TestContourCount.test_contour_count(): ERROR
bakery_lint.tests.upstream.test_check_ufo_requirements.UfoOpenTest.test_has_rupee(): ERROR
bakery_lint.tests.upstream.test_check_ufo_requirements.UfoOpenTest.test_is_A(): ERROR
bakery_lint.tests.upstream.test_check_ufo_requirements.UfoOpenTest.test_is_A_a_glyph_instance(): ERROR
bakery_lint.tests.upstream.test_check_ufo_requirements.UfoOpenTest.test_is_ended_ufo(): ERROR
bakery_lint.tests.upstream.test_check_ufo_requirements.UfoOpenTest.test_is_folder(): ERROR
bakery_lint.tests.upstream.test_check_ufo_requirements.UfoOpenTest.test_is_fsType_eq_1(): ERROR
bakery_lint.tests.upstream.test_check_ufo_requirements.UfoOpenTest.test_it_exists(): ERROR
bakery_lint.tests.upstream.test_check_ufo_fontfamily_recommendations.TestUFOFontFamilyNamingTest.test_familyname_less_than_32_chars(): OK
bakery_lint.tests.upstream.test_check_ufo_fontfamily_recommendations.TestUFOFontFamilyNamingTest.test_fullfontname_less_than_64_chars(): OK
bakery_lint.tests.upstream.test_check_ufo_fontfamily_recommendations.TestUFOFontFamilyNamingTest.test_postscriptname_consistof_allowed_chars(): OK
bakery_lint.tests.upstream.test_check_ufo_fontfamily_recommendations.TestUFOFontFamilyNamingTest.test_postscriptname_less_than_30_chars(): OK
bakery_lint.tests.upstream.test_check_ufo_fontfamily_recommendations.TestUFOFontFamilyNamingTest.test_stylename_less_than_32_chars(): OK
bakery_lint.tests.upstream.test_check_ufo_fontfamily_recommendations.TestUFOFontFamilyNamingTest.test_weight_value_range_between_250_and_900(): OK
### (4 of 6) Convert sources to TTF
$ ttx -d /home/travis/build/fontdirectory/leckerlione/builds/build /home/travis/build/fontdirectory/leckerlione/builds/build/sources/LeckerliOne-Regular.ttx
strippedname:/home/travis/build/fontdirectory/leckerlione/builds/build/sources/LeckerliOne-Regular-TTF.sfd
strippedname:/home/travis/build/fontdirectory/leckerlione/builds/build/sources/LeckerliOne-Regular.ufo
Compiling "/home/travis/build/fontdirectory/leckerlione/builds/build/sources/LeckerliOne-Regular.ttx" to "/home/travis/build/fontdirectory/leckerlione/builds/build/LeckerliOne-Regular.ttf"...
Parsing 'GlyphOrder' table...
Parsing 'head' table...
Parsing 'hhea' table...
Parsing 'maxp' table...
Parsing 'OS/2' table...
Parsing 'hmtx' table...
Parsing 'cmap' table...
Parsing 'prep' table...
Parsing 'loca' table...
Parsing 'glyf' table...
Parsing 'name' table...
Parsing 'post' table...
Parsing 'gasp' table...
Parsing 'FFTM' table...
Parsing 'GDEF' table...
Parsing 'GPOS' table...
Parsing 'GSUB' table...
Parsing 'DSIG' table...
### Test LeckerliOne-Regular.ttf
$ fontbakery-check.py result LeckerliOne-Regular.ttf
bakery_lint.tests.downstream.test_names_are_ascii_only.CheckNamesAreASCIIOnly.test_check_names_are_ascii_only(): OK
bakery_lint.tests.downstream.test_gpos_table_has_kerning_info.CheckGposTableHasKerningInfo.test_gpos_table_has_kerning_info(): OK
bakery_lint.tests.downstream.test_gasp_table_value.CheckGaspTableType.test_check_gasp_table_type(): OK
$ fontbakery-fix-gasp.py --set=15 /home/travis/build/fontdirectory/leckerlione/builds/build/LeckerliOne-Regular.ttf
$ mv /home/travis/build/fontdirectory/leckerlione/builds/build/LeckerliOne-Regular.ttf.fix /home/travis/build/fontdirectory/leckerlione/builds/build/LeckerliOne-Regular.ttf
The following table(s) in the font have been ignored by FontForge
  Ignoring 'DSIG' digital signature table
bakery_lint.tests.downstream.test_fontforge_validation_state.FontForgeValidateStateTest.test_allowed_numbers_paths_in_composite_glyphs(): OK
bakery_lint.tests.downstream.test_fontforge_validation_state.FontForgeValidateStateTest.test_allowed_numbers_paths_in_glyphs(): OK
bakery_lint.tests.downstream.test_fontforge_validation_state.FontForgeValidateStateTest.test_allowed_numbers_points_in_composite_glyphs(): OK
bakery_lint.tests.downstream.test_fontforge_validation_state.FontForgeValidateStateTest.test_allowed_numbers_points_in_glyphs(): OK
bakery_lint.tests.downstream.test_fontforge_validation_state.FontForgeValidateStateTest.test_duplicate_glyphs(): OK
bakery_lint.tests.downstream.test_fontforge_validation_state.FontForgeValidateStateTest.test_duplicate_unicode_codepoints(): OK
bakery_lint.tests.downstream.test_fontforge_validation_state.FontForgeValidateStateTest.test_flipped_reference_in_glyphs(): OK
bakery_lint.tests.downstream.test_fontforge_validation_state.FontForgeValidateStateTest.test_missing_anchors(): OK
bakery_lint.tests.downstream.test_fontforge_validation_state.FontForgeValidateStateTest.test_missing_extrema_in_glyphs(): FAIL
bakery_lint.tests.downstream.test_fontforge_validation_state.FontForgeValidateStateTest.test_overlapped_hints(): OK
bakery_lint.tests.downstream.test_fontforge_validation_state.FontForgeValidateStateTest.test_points_are_integer_aligned(): OK
bakery_lint.tests.downstream.test_fontforge_validation_state.FontForgeValidateStateTest.test_points_are_not_too_far_apart(): OK
bakery_lint.tests.downstream.test_fontforge_validation_state.FontForgeValidateStateTest.test_postscript_hasnt_limit_hints_in_glyphs(): OK
bakery_lint.tests.downstream.test_fontforge_validation_state.FontForgeValidateStateTest.test_postscript_hasnt_limit_points_in_glyphs(): OK
bakery_lint.tests.downstream.test_fontforge_validation_state.FontForgeValidateStateTest.test_referenced_glyphs_are_present(): OK
bakery_lint.tests.downstream.test_fontforge_validation_state.FontForgeValidateStateTest.test_valid_glyph_names(): OK
bakery_lint.tests.downstream.test_fontforge_validation_state.FontForgeValidateStateTest.test_valid_length_instructions(): OK
bakery_lint.tests.downstream.test_fontforge_validation_state.FontForgeValidateStateTest.test_validation_glyph_intersect(): OK
bakery_lint.tests.downstream.test_fontforge_validation_state.FontForgeValidateStateTest.test_validation_open_contours(): OK
bakery_lint.tests.downstream.test_fontforge_validation_state.FontForgeValidateStateTest.test_wrong_direction_in_glyphs(): OK
bakery_lint.tests.downstream.test_check_vertical_metrics.CheckVerticalLinegapMetrics.test_metrics_linegaps_are_zero(): OK
bakery_lint.tests.downstream.test_check_vertical_metrics.CheckVerticalAscentMetrics.test_metrics_ascents_equal_bbox(): OK
bakery_lint.tests.downstream.test_check_vertical_metrics.CheckVerticalDescentMetrics.test_metrics_descents_equal_bbox(): FAIL
$ fontbakery-fix-vertical-metrics.py --autofix /home/travis/build/fontdirectory/leckerlione/builds/build/LeckerliOne-Regular.ttf
$ mv /home/travis/build/fontdirectory/leckerlione/builds/build/LeckerliOne-Regular.ttf.fix /home/travis/build/fontdirectory/leckerlione/builds/build/LeckerliOne-Regular.ttf
$ fontbakery-fix-vertical-metrics.py /home/travis/build/fontdirectory/leckerlione/builds/build/LeckerliOne-Regular.ttf
Parameter              LeckerliOne-Regular.ttf    
ymax                   1032                       
hhea.ascent            1032                       
OS/2.sTypoAscender     1032                       
OS/2.usWinAscent       1032                       
ymin                   -327                       
hhea.descent           -327                       
OS/2.sTypoDescender    -327                       
OS/2.usWinDescent      327                        
hhea.lineGap           0                          
OS/2.sTypoLineGap      0                          
hhea total             1359                       
typo total             1359                       
win total              1359                       
UPM:Heights            1000:1359                  
UPM:Heights %          135 %                      


bakery_lint.tests.downstream.test_check_vertical_metrics.CheckVerticalDescentMetrics.test_metrics_descents_equal_bbox(): OK
bakery_lint.tests.downstream.test_check_upm_heights_less_120.TestCheckUPMHeightsLess120.test_check_upm_heigths_less_120(): FAIL
bakery_lint.tests.downstream.test_check_unused_glyph_data.CheckUnusedGlyphData.test_check_unused_glyph_data(): ERROR
bakery_lint.tests.downstream.test_check_unencoded_glyph.TestFontUnencodedGlyph.test_font_unencoded_glyphs(): FAIL
$ fontbakery-fix-glyph-private-encoding.py --autofix /home/travis/build/fontdirectory/leckerlione/builds/build/LeckerliOne-Regular.ttf
$ mv /home/travis/build/fontdirectory/leckerlione/builds/build/LeckerliOne-Regular.ttf.fix /home/travis/build/fontdirectory/leckerlione/builds/build/LeckerliOne-Regular.ttf
bakery_lint.tests.downstream.test_check_unencoded_glyph.TestFontUnencodedGlyph.test_font_unencoded_glyphs(): FAIL
bakery_lint.tests.downstream.test_check_panose_identification.CheckPanoseIdentification.test_check_panose_identification(): OK
bakery_lint.tests.downstream.test_check_os2_width_class.CheckOS2WidthClass.test_check_os2_width_class(): OK
bakery_lint.tests.downstream.test_check_no_problematic_formats.CheckNoProblematicFormats.test_check_no_problematic_formats(): OK
bakery_lint.tests.downstream.test_check_nbsp_width_matches_sp_width.CheckNbspWidthMatchesSpWidth.test_check_nbsp_width_matches_sp_width(): FAIL
$ fontbakery-fix-nbsp.py /home/travis/build/fontdirectory/leckerlione/builds/build/LeckerliOne-Regular.ttf
$ mv /home/travis/build/fontdirectory/leckerlione/builds/build/LeckerliOne-Regular.ttf.fix /home/travis/build/fontdirectory/leckerlione/builds/build/LeckerliOne-Regular.ttf
bakery_lint.tests.downstream.test_check_nbsp_width_matches_sp_width.CheckNbspWidthMatchesSpWidth.test_check_nbsp_width_matches_sp_width(): FAIL
bakery_lint.tests.downstream.test_check_names_same_across_platforms.CheckNamesSameAcrossPlatforms.test_check_names_same_across_platforms(): OK
bakery_lint.tests.downstream.test_check_name_table_recommendation.CheckStyleNameRecommendation.test_check_stylename_is_under_recommendations(): OK
bakery_lint.tests.downstream.test_check_name_table_recommendation.CheckOTFamilyNameRecommendation.test_check_opentype_familyname(): FAIL
$ fontbakery-fix-opentype-names.py /home/travis/build/fontdirectory/leckerlione/builds/build/LeckerliOne-Regular.ttf
$ mv /home/travis/build/fontdirectory/leckerlione/builds/build/LeckerliOne-Regular.ttf.fix /home/travis/build/fontdirectory/leckerlione/builds/build/LeckerliOne-Regular.ttf
bakery_lint.tests.downstream.test_check_name_table_recommendation.CheckOTFamilyNameRecommendation.test_check_opentype_familyname(): OK
bakery_lint.tests.downstream.test_check_name_table_recommendation.CheckOTStyleNameRecommendation.test_check_opentype_stylename(): OK
bakery_lint.tests.downstream.test_check_name_table_recommendation.CheckOTFullNameRecommendation.test_check_opentype_fullname(): OK
bakery_lint.tests.downstream.test_check_magic_prep_code.CheckMagicPREPByteCode.test_prep_magic_code(): OK
bakery_lint.tests.downstream.test_check_license_included.CheckLicenseIncluded.test_license_included_in_font_names(): OK
bakery_lint.tests.downstream.test_check_italic_angle_agreement.CheckItalicAngleAgreement.test_check_italic_angle_agreement(): OK
bakery_lint.tests.downstream.test_check_hmtx_hhea_max_advance_width_agreement.CheckHmtxHheaMaxAdvanceWidthAgreement.test_check_hmtx_hhea_max_advance_width_agreement(): OK
bakery_lint.tests.downstream.test_check_glyph_existence.CheckGlyphExistence.test_euro(): OK
bakery_lint.tests.downstream.test_check_glyph_existence.CheckGlyphExistence.test_nbsp(): OK
bakery_lint.tests.downstream.test_check_glyph_existence.CheckGlyphExistence.test_space(): OK
bakery_lint.tests.downstream.test_check_glyf_table_length.CheckGlyfTableLength.test_check_glyf_table_length(): FAIL
bakery_lint.tests.downstream.test_check_full_font_name_begins_with_family_name.CheckFullFontNameBeginsWithFamilyName.test_check_full_font_name_begins_with_family_name(): OK
bakery_lint.tests.downstream.test_check_fontname_matches_macstyle.CheckFontNameEqualToMacStyleFlags.test_fontname_is_equal_to_macstyle(): FAIL
bakery_lint.tests.downstream.test_check_font_tables.CheckFontHasDsigTable.test_check_font_has_dsig_table(): OK
bakery_lint.tests.downstream.test_check_font_tables.CheckFontHasNotKernTable.test_no_kern_table_exists(): OK
bakery_lint.tests.downstream.test_check_font_agreements.CheckFsTypeIsNotSet.test_is_fstype_not_set(): OK
$ fontbakery-fix-fstype.py --autofix /home/travis/build/fontdirectory/leckerlione/builds/build/LeckerliOne-Regular.ttf
$ mv /home/travis/build/fontdirectory/leckerlione/builds/build/LeckerliOne-Regular.ttf.fix /home/travis/build/fontdirectory/leckerlione/builds/build/LeckerliOne-Regular.ttf
bakery_lint.tests.downstream.test_check_font_agreements.CheckFontAgreements.test_em_is_1000(): OK
bakery_lint.tests.downstream.test_check_font_agreements.CheckFontAgreements.test_font_is_font(): OK
bakery_lint.tests.downstream.test_check_font_agreements.CheckFontAgreements.test_latin_file_exists(): FAIL
bakery_lint.tests.downstream.test_check_font_agreements.CheckFontAgreements.test_menu_file_exists(): FAIL
### Optimize TTF LeckerliOne-Regular.ttf
$ ls -l 'LeckerliOne-Regular.ttf'* # look at the size savings of that subset process
LeckerliOne-Regular.ttf.opt: 41376 bytes
LeckerliOne-Regular.ttf: 42868 bytes
$ mv /home/travis/build/fontdirectory/leckerlione/builds/build/LeckerliOne-Regular.ttf.opt /home/travis/build/fontdirectory/leckerlione/builds/build/LeckerliOne-Regular.ttf
### Autohint TTFs (ttfautohint) LeckerliOne-Regular.ttf
$ ttfautohint -l 7 -r 28 -G 50 -x 13 -w "G" /home/travis/build/fontdirectory/leckerlione/builds/build/LeckerliOne-Regular.ttf '/home/travis/build/fontdirectory/leckerlione/builds/build/LeckerliOne-Regular.autohint.ttf'

$ ls -l /home/travis/build/fontdirectory/leckerlione/builds/build/LeckerliOne-Regular.*ttf # look at the size savings of that subset process
/home/travis/build/fontdirectory/leckerlione/builds/build/LeckerliOne-Regular.ttf: 41376 bytes
/home/travis/build/fontdirectory/leckerlione/builds/build/LeckerliOne-Regular.autohint.ttf: 66844 bytes
$ mv /home/travis/build/fontdirectory/leckerlione/builds/build/LeckerliOne-Regular.autohint.ttf /home/travis/build/fontdirectory/leckerlione/builds/build/LeckerliOne-Regular.ttf
### Subset TTFs (pyftsubset) LeckerliOne-Regular.ttf
$ pyftsubset LeckerliOne-Regular.latin
$ pyftsubset LeckerliOne-Regular.menu
strippedname:/home/travis/build/fontdirectory/leckerlione/builds/build/LeckerliOne-Regular.ttf
spaceWidth is    400
nbspWidth is     400
Nothing to do
$ fontbakery-build-font2ttf.py sources/LeckerliOne-Regular.ufo LeckerliOne-Regular.ttf
Success: Generated OpenType-TTF (/home/travis/build/fontdirectory/leckerlione/builds/build/LeckerliOne-Regular.ttf)
### Test LeckerliOne-Regular.ttf
$ fontbakery-check.py result LeckerliOne-Regular.ttf
bakery_lint.tests.downstream.test_names_are_ascii_only.CheckNamesAreASCIIOnly.test_check_names_are_ascii_only(): FAIL
$ fontbakery-fix-ascii-fontmetadata.py /home/travis/build/fontdirectory/leckerlione/builds/build/LeckerliOne-Regular.ttf
$ mv /home/travis/build/fontdirectory/leckerlione/builds/build/LeckerliOne-Regular.ttf.fix /home/travis/build/fontdirectory/leckerlione/builds/build/LeckerliOne-Regular.ttf
bakery_lint.tests.downstream.test_names_are_ascii_only.CheckNamesAreASCIIOnly.test_check_names_are_ascii_only(): OK
bakery_lint.tests.downstream.test_gpos_table_has_kerning_info.CheckGposTableHasKerningInfo.test_gpos_table_has_kerning_info(): OK
bakery_lint.tests.downstream.test_gasp_table_value.CheckGaspTableType.test_check_gasp_table_type(): FAIL
$ fontbakery-fix-gasp.py --set=15 /home/travis/build/fontdirectory/leckerlione/builds/build/LeckerliOne-Regular.ttf
$ mv /home/travis/build/fontdirectory/leckerlione/builds/build/LeckerliOne-Regular.ttf.fix /home/travis/build/fontdirectory/leckerlione/builds/build/LeckerliOne-Regular.ttf
bakery_lint.tests.downstream.test_gasp_table_value.CheckGaspTableType.test_check_gasp_table_type(): OK
$ fontbakery-fix-gasp.py --set=15 /home/travis/build/fontdirectory/leckerlione/builds/build/LeckerliOne-Regular.ttf
$ mv /home/travis/build/fontdirectory/leckerlione/builds/build/LeckerliOne-Regular.ttf.fix /home/travis/build/fontdirectory/leckerlione/builds/build/LeckerliOne-Regular.ttf
The following table(s) in the font have been ignored by FontForge
  Ignoring 'DSIG' digital signature table
Warning: Mac and Windows entries in the 'name' table differ for the
 Copyright string in the language English (US)
 Mac String: Copyright (c) 2011 Gesine Todt E(www.gesine-todt.de), with Reserved Font Names "Leckerli"
Windows String: Copyright (c) 2011 Gesine Todt  (www.gesine-todt.de), with Reserved Font Names "Leckerli"
bakery_lint.tests.downstream.test_fontforge_validation_state.FontForgeValidateStateTest.test_allowed_numbers_paths_in_composite_glyphs(): OK
bakery_lint.tests.downstream.test_fontforge_validation_state.FontForgeValidateStateTest.test_allowed_numbers_paths_in_glyphs(): OK
bakery_lint.tests.downstream.test_fontforge_validation_state.FontForgeValidateStateTest.test_allowed_numbers_points_in_composite_glyphs(): OK
bakery_lint.tests.downstream.test_fontforge_validation_state.FontForgeValidateStateTest.test_allowed_numbers_points_in_glyphs(): OK
bakery_lint.tests.downstream.test_fontforge_validation_state.FontForgeValidateStateTest.test_duplicate_glyphs(): OK
bakery_lint.tests.downstream.test_fontforge_validation_state.FontForgeValidateStateTest.test_duplicate_unicode_codepoints(): OK
bakery_lint.tests.downstream.test_fontforge_validation_state.FontForgeValidateStateTest.test_flipped_reference_in_glyphs(): OK
bakery_lint.tests.downstream.test_fontforge_validation_state.FontForgeValidateStateTest.test_missing_anchors(): OK
bakery_lint.tests.downstream.test_fontforge_validation_state.FontForgeValidateStateTest.test_missing_extrema_in_glyphs(): FAIL
bakery_lint.tests.downstream.test_fontforge_validation_state.FontForgeValidateStateTest.test_overlapped_hints(): OK
bakery_lint.tests.downstream.test_fontforge_validation_state.FontForgeValidateStateTest.test_points_are_integer_aligned(): OK
bakery_lint.tests.downstream.test_fontforge_validation_state.FontForgeValidateStateTest.test_points_are_not_too_far_apart(): OK
bakery_lint.tests.downstream.test_fontforge_validation_state.FontForgeValidateStateTest.test_postscript_hasnt_limit_hints_in_glyphs(): OK
bakery_lint.tests.downstream.test_fontforge_validation_state.FontForgeValidateStateTest.test_postscript_hasnt_limit_points_in_glyphs(): OK
bakery_lint.tests.downstream.test_fontforge_validation_state.FontForgeValidateStateTest.test_referenced_glyphs_are_present(): OK
bakery_lint.tests.downstream.test_fontforge_validation_state.FontForgeValidateStateTest.test_valid_glyph_names(): OK
bakery_lint.tests.downstream.test_fontforge_validation_state.FontForgeValidateStateTest.test_valid_length_instructions(): OK
bakery_lint.tests.downstream.test_fontforge_validation_state.FontForgeValidateStateTest.test_validation_glyph_intersect(): OK
bakery_lint.tests.downstream.test_fontforge_validation_state.FontForgeValidateStateTest.test_validation_open_contours(): OK
bakery_lint.tests.downstream.test_fontforge_validation_state.FontForgeValidateStateTest.test_wrong_direction_in_glyphs(): OK
bakery_lint.tests.downstream.test_check_vertical_metrics.CheckVerticalLinegapMetrics.test_metrics_linegaps_are_zero(): FAIL
$ fontbakery-fix-vertical-metrics.py --autofix /home/travis/build/fontdirectory/leckerlione/builds/build/LeckerliOne-Regular.ttf
$ mv /home/travis/build/fontdirectory/leckerlione/builds/build/LeckerliOne-Regular.ttf.fix /home/travis/build/fontdirectory/leckerlione/builds/build/LeckerliOne-Regular.ttf
$ fontbakery-fix-vertical-metrics.py /home/travis/build/fontdirectory/leckerlione/builds/build/LeckerliOne-Regular.ttf
Parameter              LeckerliOne-Regular.ttf    
ymax                   1032                       
hhea.ascent            1032                       
OS/2.sTypoAscender     1032                       
OS/2.usWinAscent       1032                       
ymin                   -313                       
hhea.descent           -313                       
OS/2.sTypoDescender    -313                       
OS/2.usWinDescent      313                        
hhea.lineGap           0                          
OS/2.sTypoLineGap      0                          
hhea total             1345                       
typo total             1345                       
win total              1345                       
UPM:Heights            1000:1345                  
UPM:Heights %          134 %                      


bakery_lint.tests.downstream.test_check_vertical_metrics.CheckVerticalLinegapMetrics.test_metrics_linegaps_are_zero(): OK
bakery_lint.tests.downstream.test_check_vertical_metrics.CheckVerticalAscentMetrics.test_metrics_ascents_equal_bbox(): OK
bakery_lint.tests.downstream.test_check_vertical_metrics.CheckVerticalDescentMetrics.test_metrics_descents_equal_bbox(): OK
bakery_lint.tests.downstream.test_check_upm_heights_less_120.TestCheckUPMHeightsLess120.test_check_upm_heigths_less_120(): FAIL
bakery_lint.tests.downstream.test_check_unused_glyph_data.CheckUnusedGlyphData.test_check_unused_glyph_data(): ERROR
bakery_lint.tests.downstream.test_check_unencoded_glyph.TestFontUnencodedGlyph.test_font_unencoded_glyphs(): FAIL
$ fontbakery-fix-glyph-private-encoding.py --autofix /home/travis/build/fontdirectory/leckerlione/builds/build/LeckerliOne-Regular.ttf
$ mv /home/travis/build/fontdirectory/leckerlione/builds/build/LeckerliOne-Regular.ttf.fix /home/travis/build/fontdirectory/leckerlione/builds/build/LeckerliOne-Regular.ttf
bakery_lint.tests.downstream.test_check_unencoded_glyph.TestFontUnencodedGlyph.test_font_unencoded_glyphs(): FAIL
bakery_lint.tests.downstream.test_check_panose_identification.CheckPanoseIdentification.test_check_panose_identification(): OK
bakery_lint.tests.downstream.test_check_os2_width_class.CheckOS2WidthClass.test_check_os2_width_class(): FAIL
bakery_lint.tests.downstream.test_check_no_problematic_formats.CheckNoProblematicFormats.test_check_no_problematic_formats(): OK
bakery_lint.tests.downstream.test_check_nbsp_width_matches_sp_width.CheckNbspWidthMatchesSpWidth.test_check_nbsp_width_matches_sp_width(): FAIL
$ fontbakery-fix-nbsp.py /home/travis/build/fontdirectory/leckerlione/builds/build/LeckerliOne-Regular.ttf
$ mv /home/travis/build/fontdirectory/leckerlione/builds/build/LeckerliOne-Regular.ttf.fix /home/travis/build/fontdirectory/leckerlione/builds/build/LeckerliOne-Regular.ttf
bakery_lint.tests.downstream.test_check_nbsp_width_matches_sp_width.CheckNbspWidthMatchesSpWidth.test_check_nbsp_width_matches_sp_width(): FAIL
bakery_lint.tests.downstream.test_check_names_same_across_platforms.CheckNamesSameAcrossPlatforms.test_check_names_same_across_platforms(): FAIL
bakery_lint.tests.downstream.test_check_name_table_recommendation.CheckStyleNameRecommendation.test_check_stylename_is_under_recommendations(): OK
bakery_lint.tests.downstream.test_check_name_table_recommendation.CheckOTFamilyNameRecommendation.test_check_opentype_familyname(): OK
bakery_lint.tests.downstream.test_check_name_table_recommendation.CheckOTStyleNameRecommendation.test_check_opentype_stylename(): OK
bakery_lint.tests.downstream.test_check_name_table_recommendation.CheckOTFullNameRecommendation.test_check_opentype_fullname(): OK
bakery_lint.tests.downstream.test_check_magic_prep_code.CheckMagicPREPByteCode.test_prep_magic_code(): FAIL
bakery_lint.tests.downstream.test_check_license_included.CheckLicenseIncluded.test_license_included_in_font_names(): OK
bakery_lint.tests.downstream.test_check_italic_angle_agreement.CheckItalicAngleAgreement.test_check_italic_angle_agreement(): OK
bakery_lint.tests.downstream.test_check_hmtx_hhea_max_advance_width_agreement.CheckHmtxHheaMaxAdvanceWidthAgreement.test_check_hmtx_hhea_max_advance_width_agreement(): OK
bakery_lint.tests.downstream.test_check_glyph_existence.CheckGlyphExistence.test_euro(): OK
bakery_lint.tests.downstream.test_check_glyph_existence.CheckGlyphExistence.test_nbsp(): OK
bakery_lint.tests.downstream.test_check_glyph_existence.CheckGlyphExistence.test_space(): OK
bakery_lint.tests.downstream.test_check_glyf_table_length.CheckGlyfTableLength.test_check_glyf_table_length(): FAIL
bakery_lint.tests.downstream.test_check_full_font_name_begins_with_family_name.CheckFullFontNameBeginsWithFamilyName.test_check_full_font_name_begins_with_family_name(): OK
bakery_lint.tests.downstream.test_check_fontname_matches_macstyle.CheckFontNameEqualToMacStyleFlags.test_fontname_is_equal_to_macstyle(): FAIL
bakery_lint.tests.downstream.test_check_font_tables.CheckFontHasDsigTable.test_check_font_has_dsig_table(): OK
bakery_lint.tests.downstream.test_check_font_tables.CheckFontHasNotKernTable.test_no_kern_table_exists(): OK
bakery_lint.tests.downstream.test_check_font_agreements.CheckFsTypeIsNotSet.test_is_fstype_not_set(): OK
$ fontbakery-fix-fstype.py --autofix /home/travis/build/fontdirectory/leckerlione/builds/build/LeckerliOne-Regular.ttf
$ mv /home/travis/build/fontdirectory/leckerlione/builds/build/LeckerliOne-Regular.ttf.fix /home/travis/build/fontdirectory/leckerlione/builds/build/LeckerliOne-Regular.ttf
bakery_lint.tests.downstream.test_check_font_agreements.CheckFontAgreements.test_em_is_1000(): OK
bakery_lint.tests.downstream.test_check_font_agreements.CheckFontAgreements.test_font_is_font(): OK
bakery_lint.tests.downstream.test_check_font_agreements.CheckFontAgreements.test_latin_file_exists(): OK
bakery_lint.tests.downstream.test_check_font_agreements.CheckFontAgreements.test_menu_file_exists(): OK
### Optimize TTF LeckerliOne-Regular.ttf
$ ls -l 'LeckerliOne-Regular.ttf'* # look at the size savings of that subset process
LeckerliOne-Regular.ttf.opt: 34892 bytes
LeckerliOne-Regular.ttf: 36576 bytes
$ mv /home/travis/build/fontdirectory/leckerlione/builds/build/LeckerliOne-Regular.ttf.opt /home/travis/build/fontdirectory/leckerlione/builds/build/LeckerliOne-Regular.ttf
### Autohint TTFs (ttfautohint) LeckerliOne-Regular.ttf
$ ttfautohint -l 7 -r 28 -G 50 -x 13 -w "G" /home/travis/build/fontdirectory/leckerlione/builds/build/LeckerliOne-Regular.ttf '/home/travis/build/fontdirectory/leckerlione/builds/build/LeckerliOne-Regular.autohint.ttf'

$ ls -l /home/travis/build/fontdirectory/leckerlione/builds/build/LeckerliOne-Regular.*ttf # look at the size savings of that subset process
/home/travis/build/fontdirectory/leckerlione/builds/build/LeckerliOne-Regular.ttf: 34892 bytes
/home/travis/build/fontdirectory/leckerlione/builds/build/LeckerliOne-Regular.autohint.ttf: 61564 bytes
$ mv /home/travis/build/fontdirectory/leckerlione/builds/build/LeckerliOne-Regular.autohint.ttf /home/travis/build/fontdirectory/leckerlione/builds/build/LeckerliOne-Regular.ttf
### Subset TTFs (pyftsubset) LeckerliOne-Regular.ttf
$ pyftsubset LeckerliOne-Regular.latin
$ pyftsubset LeckerliOne-Regular.menu
strippedname:/home/travis/build/fontdirectory/leckerlione/builds/build/LeckerliOne-Regular.ttf
No nbsp glyph
spaceWidth is    400
nbspWidth is     0
LeckerliOne-Regular.ttf.fix made with spaceWidth and nbspWidth of 400
$ fontbakery-build-font2ttf.py sources/LeckerliOne-Regular-TTF.sfd LeckerliOne-Regular-TTF.ttf
Internal Error: Invalid 2nd order spline in SplineRefigure2
Internal Error: Invalid 2nd order spline in SplineRefigure2
Success: Generated OpenType-TTF (/home/travis/build/fontdirectory/leckerlione/builds/build/LeckerliOne-Regular-TTF.ttf)
### Test LeckerliOne-Regular-TTF.ttf
$ fontbakery-check.py result LeckerliOne-Regular-TTF.ttf
bakery_lint.tests.downstream.test_names_are_ascii_only.CheckNamesAreASCIIOnly.test_check_names_are_ascii_only(): OK
bakery_lint.tests.downstream.test_gpos_table_has_kerning_info.CheckGposTableHasKerningInfo.test_gpos_table_has_kerning_info(): OK
bakery_lint.tests.downstream.test_gasp_table_value.CheckGaspTableType.test_check_gasp_table_type(): OK
$ fontbakery-fix-gasp.py --set=15 /home/travis/build/fontdirectory/leckerlione/builds/build/LeckerliOne-Regular-TTF.ttf
$ mv /home/travis/build/fontdirectory/leckerlione/builds/build/LeckerliOne-Regular-TTF.ttf.fix /home/travis/build/fontdirectory/leckerlione/builds/build/LeckerliOne-Regular-TTF.ttf
The following table(s) in the font have been ignored by FontForge
  Ignoring 'DSIG' digital signature table
bakery_lint.tests.downstream.test_fontforge_validation_state.FontForgeValidateStateTest.test_allowed_numbers_paths_in_composite_glyphs(): OK
bakery_lint.tests.downstream.test_fontforge_validation_state.FontForgeValidateStateTest.test_allowed_numbers_paths_in_glyphs(): OK
bakery_lint.tests.downstream.test_fontforge_validation_state.FontForgeValidateStateTest.test_allowed_numbers_points_in_composite_glyphs(): OK
bakery_lint.tests.downstream.test_fontforge_validation_state.FontForgeValidateStateTest.test_allowed_numbers_points_in_glyphs(): OK
bakery_lint.tests.downstream.test_fontforge_validation_state.FontForgeValidateStateTest.test_duplicate_glyphs(): OK
bakery_lint.tests.downstream.test_fontforge_validation_state.FontForgeValidateStateTest.test_duplicate_unicode_codepoints(): OK
bakery_lint.tests.downstream.test_fontforge_validation_state.FontForgeValidateStateTest.test_flipped_reference_in_glyphs(): OK
bakery_lint.tests.downstream.test_fontforge_validation_state.FontForgeValidateStateTest.test_missing_anchors(): OK
bakery_lint.tests.downstream.test_fontforge_validation_state.FontForgeValidateStateTest.test_missing_extrema_in_glyphs(): FAIL
bakery_lint.tests.downstream.test_fontforge_validation_state.FontForgeValidateStateTest.test_overlapped_hints(): OK
bakery_lint.tests.downstream.test_fontforge_validation_state.FontForgeValidateStateTest.test_points_are_integer_aligned(): OK
bakery_lint.tests.downstream.test_fontforge_validation_state.FontForgeValidateStateTest.test_points_are_not_too_far_apart(): OK
bakery_lint.tests.downstream.test_fontforge_validation_state.FontForgeValidateStateTest.test_postscript_hasnt_limit_hints_in_glyphs(): OK
bakery_lint.tests.downstream.test_fontforge_validation_state.FontForgeValidateStateTest.test_postscript_hasnt_limit_points_in_glyphs(): OK
bakery_lint.tests.downstream.test_fontforge_validation_state.FontForgeValidateStateTest.test_referenced_glyphs_are_present(): OK
bakery_lint.tests.downstream.test_fontforge_validation_state.FontForgeValidateStateTest.test_valid_glyph_names(): OK
bakery_lint.tests.downstream.test_fontforge_validation_state.FontForgeValidateStateTest.test_valid_length_instructions(): OK
bakery_lint.tests.downstream.test_fontforge_validation_state.FontForgeValidateStateTest.test_validation_glyph_intersect(): OK
bakery_lint.tests.downstream.test_fontforge_validation_state.FontForgeValidateStateTest.test_validation_open_contours(): OK
bakery_lint.tests.downstream.test_fontforge_validation_state.FontForgeValidateStateTest.test_wrong_direction_in_glyphs(): OK
bakery_lint.tests.downstream.test_check_vertical_metrics.CheckVerticalLinegapMetrics.test_metrics_linegaps_are_zero(): OK
bakery_lint.tests.downstream.test_check_vertical_metrics.CheckVerticalAscentMetrics.test_metrics_ascents_equal_bbox(): OK
bakery_lint.tests.downstream.test_check_vertical_metrics.CheckVerticalDescentMetrics.test_metrics_descents_equal_bbox(): OK
bakery_lint.tests.downstream.test_check_upm_heights_less_120.TestCheckUPMHeightsLess120.test_check_upm_heigths_less_120(): FAIL
bakery_lint.tests.downstream.test_check_unused_glyph_data.CheckUnusedGlyphData.test_check_unused_glyph_data(): ERROR
bakery_lint.tests.downstream.test_check_unencoded_glyph.TestFontUnencodedGlyph.test_font_unencoded_glyphs(): FAIL
$ fontbakery-fix-glyph-private-encoding.py --autofix /home/travis/build/fontdirectory/leckerlione/builds/build/LeckerliOne-Regular-TTF.ttf
$ mv /home/travis/build/fontdirectory/leckerlione/builds/build/LeckerliOne-Regular-TTF.ttf.fix /home/travis/build/fontdirectory/leckerlione/builds/build/LeckerliOne-Regular-TTF.ttf
bakery_lint.tests.downstream.test_check_unencoded_glyph.TestFontUnencodedGlyph.test_font_unencoded_glyphs(): FAIL
bakery_lint.tests.downstream.test_check_panose_identification.CheckPanoseIdentification.test_check_panose_identification(): OK
bakery_lint.tests.downstream.test_check_os2_width_class.CheckOS2WidthClass.test_check_os2_width_class(): OK
bakery_lint.tests.downstream.test_check_no_problematic_formats.CheckNoProblematicFormats.test_check_no_problematic_formats(): OK
bakery_lint.tests.downstream.test_check_nbsp_width_matches_sp_width.CheckNbspWidthMatchesSpWidth.test_check_nbsp_width_matches_sp_width(): FAIL
$ fontbakery-fix-nbsp.py /home/travis/build/fontdirectory/leckerlione/builds/build/LeckerliOne-Regular-TTF.ttf
$ mv /home/travis/build/fontdirectory/leckerlione/builds/build/LeckerliOne-Regular-TTF.ttf.fix /home/travis/build/fontdirectory/leckerlione/builds/build/LeckerliOne-Regular-TTF.ttf
bakery_lint.tests.downstream.test_check_nbsp_width_matches_sp_width.CheckNbspWidthMatchesSpWidth.test_check_nbsp_width_matches_sp_width(): FAIL
bakery_lint.tests.downstream.test_check_names_same_across_platforms.CheckNamesSameAcrossPlatforms.test_check_names_same_across_platforms(): OK
bakery_lint.tests.downstream.test_check_name_table_recommendation.CheckStyleNameRecommendation.test_check_stylename_is_under_recommendations(): OK
bakery_lint.tests.downstream.test_check_name_table_recommendation.CheckOTFamilyNameRecommendation.test_check_opentype_familyname(): FAIL
$ fontbakery-fix-opentype-names.py /home/travis/build/fontdirectory/leckerlione/builds/build/LeckerliOne-Regular-TTF.ttf
$ mv /home/travis/build/fontdirectory/leckerlione/builds/build/LeckerliOne-Regular-TTF.ttf.fix /home/travis/build/fontdirectory/leckerlione/builds/build/LeckerliOne-Regular-TTF.ttf
bakery_lint.tests.downstream.test_check_name_table_recommendation.CheckOTFamilyNameRecommendation.test_check_opentype_familyname(): OK
bakery_lint.tests.downstream.test_check_name_table_recommendation.CheckOTStyleNameRecommendation.test_check_opentype_stylename(): OK
bakery_lint.tests.downstream.test_check_name_table_recommendation.CheckOTFullNameRecommendation.test_check_opentype_fullname(): OK
bakery_lint.tests.downstream.test_check_magic_prep_code.CheckMagicPREPByteCode.test_prep_magic_code(): OK
bakery_lint.tests.downstream.test_check_license_included.CheckLicenseIncluded.test_license_included_in_font_names(): OK
bakery_lint.tests.downstream.test_check_italic_angle_agreement.CheckItalicAngleAgreement.test_check_italic_angle_agreement(): OK
bakery_lint.tests.downstream.test_check_hmtx_hhea_max_advance_width_agreement.CheckHmtxHheaMaxAdvanceWidthAgreement.test_check_hmtx_hhea_max_advance_width_agreement(): OK
bakery_lint.tests.downstream.test_check_glyph_existence.CheckGlyphExistence.test_euro(): OK
bakery_lint.tests.downstream.test_check_glyph_existence.CheckGlyphExistence.test_nbsp(): OK
bakery_lint.tests.downstream.test_check_glyph_existence.CheckGlyphExistence.test_space(): OK
bakery_lint.tests.downstream.test_check_glyf_table_length.CheckGlyfTableLength.test_check_glyf_table_length(): FAIL
bakery_lint.tests.downstream.test_check_full_font_name_begins_with_family_name.CheckFullFontNameBeginsWithFamilyName.test_check_full_font_name_begins_with_family_name(): OK
bakery_lint.tests.downstream.test_check_fontname_matches_macstyle.CheckFontNameEqualToMacStyleFlags.test_fontname_is_equal_to_macstyle(): FAIL
bakery_lint.tests.downstream.test_check_font_tables.CheckFontHasDsigTable.test_check_font_has_dsig_table(): OK
bakery_lint.tests.downstream.test_check_font_tables.CheckFontHasNotKernTable.test_no_kern_table_exists(): OK
bakery_lint.tests.downstream.test_check_font_agreements.CheckFsTypeIsNotSet.test_is_fstype_not_set(): OK
$ fontbakery-fix-fstype.py --autofix /home/travis/build/fontdirectory/leckerlione/builds/build/LeckerliOne-Regular-TTF.ttf
$ mv /home/travis/build/fontdirectory/leckerlione/builds/build/LeckerliOne-Regular-TTF.ttf.fix /home/travis/build/fontdirectory/leckerlione/builds/build/LeckerliOne-Regular-TTF.ttf
bakery_lint.tests.downstream.test_check_font_agreements.CheckFontAgreements.test_em_is_1000(): OK
bakery_lint.tests.downstream.test_check_font_agreements.CheckFontAgreements.test_font_is_font(): OK
bakery_lint.tests.downstream.test_check_font_agreements.CheckFontAgreements.test_latin_file_exists(): FAIL
bakery_lint.tests.downstream.test_check_font_agreements.CheckFontAgreements.test_menu_file_exists(): FAIL
### Optimize TTF LeckerliOne-Regular-TTF.ttf
$ ls -l 'LeckerliOne-Regular-TTF.ttf'* # look at the size savings of that subset process
LeckerliOne-Regular-TTF.ttf.opt: 40952 bytes
LeckerliOne-Regular-TTF.ttf: 42712 bytes
$ mv /home/travis/build/fontdirectory/leckerlione/builds/build/LeckerliOne-Regular-TTF.ttf.opt /home/travis/build/fontdirectory/leckerlione/builds/build/LeckerliOne-Regular-TTF.ttf
### Autohint TTFs (ttfautohint) LeckerliOne-Regular-TTF.ttf
$ ttfautohint -l 7 -r 28 -G 50 -x 13 -w "G" /home/travis/build/fontdirectory/leckerlione/builds/build/LeckerliOne-Regular-TTF.ttf '/home/travis/build/fontdirectory/leckerlione/builds/build/LeckerliOne-Regular-TTF.autohint.ttf'

$ ls -l /home/travis/build/fontdirectory/leckerlione/builds/build/LeckerliOne-Regular-TTF.*ttf # look at the size savings of that subset process
/home/travis/build/fontdirectory/leckerlione/builds/build/LeckerliOne-Regular-TTF.ttf: 40952 bytes
/home/travis/build/fontdirectory/leckerlione/builds/build/LeckerliOne-Regular-TTF.autohint.ttf: 66764 bytes
$ mv /home/travis/build/fontdirectory/leckerlione/builds/build/LeckerliOne-Regular-TTF.autohint.ttf /home/travis/build/fontdirectory/leckerlione/builds/build/LeckerliOne-Regular-TTF.ttf
### Subset TTFs (pyftsubset) LeckerliOne-Regular-TTF.ttf
$ pyftsubset LeckerliOne-Regular-TTF.latin
$ pyftsubset LeckerliOne-Regular-TTF.menu
strippedname:/home/travis/build/fontdirectory/leckerlione/builds/build/LeckerliOne-Regular-TTF.ttf
spaceWidth is    400
nbspWidth is     400
Nothing to do
### (5 of 6) Generate METADATA.json (fontbakery-build-metadata.py)
$ fontbakery-build-metadata.py /home/travis/build/fontdirectory/leckerlione/builds/build
{} exists
Designer's name from font is: Gesine Todt
Original size: 61564\nGzip size: 31774
Family Name: Leckerli One
PS Name: LeckerliOne-Regular
Full Name: Leckerli One
Style: normal
Weight: 400
Filename: LeckerliOne-Regular-TTF.ttf
Copyright: Copyright (c) 2011 Gesine Todt (www.gesine-todt.de), with Reserved Font Names "Leckerli"
Family Name: Leckerli One
PS Name: LeckerliOne-Regular
Full Name: Leckerli One
Style: normal
Weight: 400
Filename: LeckerliOne-Regular.ttf
Copyright: Copyright (c) 2011 Gesine Todt  (www.gesine-todt.de), with Reserved Font Names "Leckerli"
### (6 of 6) Run tests for METADATA.json
$ fontbakery-check.py metadata METADATA.json
bakery_lint.tests.metadata_test.MetadataSubsetsListTest.test_charset_latin(): OK
bakery_lint.tests.metadata_test.MetadataSubsetsListTest.test_charset_menu(): OK
bakery_lint.tests.metadata_test.MetadataTest.test_description_is_more_than_500b(): FAIL
bakery_lint.tests.metadata_test.MetadataTest.test_description_is_valid_html(): FAIL
bakery_lint.tests.metadata_test.MetadataTest.test_does_not_familyName_exist_in_daltonmaag_catalogue(): FAIL
bakery_lint.tests.metadata_test.MetadataTest.test_does_not_familyName_exist_in_fontbureau_catalogue(): OK
bakery_lint.tests.metadata_test.MetadataTest.test_does_not_familyName_exist_in_fontscom_catalogue(): OK
bakery_lint.tests.metadata_test.MetadataTest.test_does_not_familyName_exist_in_fontshop_catalogue(): FAIL
bakery_lint.tests.metadata_test.MetadataTest.test_does_not_familyName_exist_in_fontsmith_catalogue(): FAIL
bakery_lint.tests.metadata_test.MetadataTest.test_does_not_familyName_exist_in_houseind_catalogue(): OK
bakery_lint.tests.metadata_test.MetadataTest.test_does_not_familyName_exist_in_myfonts_catalogue(): OK
bakery_lint.tests.metadata_test.MetadataTest.test_does_not_familyName_exist_in_veer_catalogue(): OK
bakery_lint.tests.metadata_test.MetadataTest.test_family_is_listed_in_gwf(): OK
bakery_lint.tests.metadata_test.MetadataTest.test_metadata_atleast_latin_menu_subsets_exist(): OK
/home/travis/virtualenv/python2.7.8/lib/python2.7/site-packages/bakery_lint/tests/metadata_test.py:141: UnicodeWarning: Unicode equal comparison failed to convert both arguments to Unicode - interpreting them as being unequal
  self.assertTrue(designer in designers,
bakery_lint.tests.metadata_test.MetadataTest.test_metadata_designer_exists_in_profiles_csv(): OK
bakery_lint.tests.metadata_test.MetadataTest.test_metadata_fonts_items_dicts(): OK
bakery_lint.tests.metadata_test.MetadataTest.test_metadata_fonts_key_list(): OK
bakery_lint.tests.metadata_test.MetadataTest.test_metadata_fonts_no_dupes(): OK
bakery_lint.tests.metadata_test.MetadataTest.test_metadata_has_unique_style_weight_pairs(): OK
bakery_lint.tests.metadata_test.MetadataTest.test_metadata_keys(): OK
bakery_lint.tests.metadata_test.MetadataTest.test_metadata_license(): OK
bakery_lint.tests.metadata_test.MetadataTest.test_metadata_no_unknown_top_keys(): OK
bakery_lint.tests.metadata_test.MetadataTest.test_metadata_subsets_key_list(): OK
bakery_lint.tests.metadata_test.MetadataTest.test_metadata_top_keys_types(): OK
bakery_lint.tests.downstream.test_metadata_font_copyright.CheckMetadataContainsReservedFontName.test_copyright_contains_correct_rfn(): OK
bakery_lint.tests.downstream.test_metadata_font_copyright.CheckMetadataContainsReservedFontName.test_copyright_is_consistent_across_family(): OK
bakery_lint.tests.downstream.test_metadata_font_copyright.CheckMetadataContainsReservedFontName.test_copyright_matches_pattern(): OK
bakery_lint.tests.downstream.test_metadata_font_copyright.CheckMetadataContainsReservedFontName.test_metadata_copyright_size(): OK
bakery_lint.tests.downstream.test_metadata_agreements.TestFontOnDiskFamilyEqualToMetadataJSON.test_font_on_disk_family_equal_in_metadata_json(): OK
bakery_lint.tests.downstream.test_metadata_agreements.TestPostScriptNameInMetadataEqualFontOnDisk.test_postscriptname_in_metadata_equal_to_font_on_disk(): OK
bakery_lint.tests.downstream.test_metadata_agreements.CheckMetadataAgreements.test_font_name_matches_family(): OK
bakery_lint.tests.downstream.test_metadata_agreements.CheckMetadataAgreements.test_metadata_family_values_are_all_the_same(): OK
bakery_lint.tests.downstream.test_metadata_agreements.CheckMetadataAgreements.test_metadata_filename_matches_postscriptname(): OK
bakery_lint.tests.downstream.test_metadata_agreements.CheckMetadataAgreements.test_metadata_font_have_regular(): OK
bakery_lint.tests.downstream.test_metadata_agreements.CheckMetadataAgreements.test_metadata_fonts_fields_have_fontname(): OK
bakery_lint.tests.downstream.test_metadata_agreements.CheckMetadataAgreements.test_metadata_fullname_is_equal_to_internal_font_fullname(): OK
bakery_lint.tests.downstream.test_metadata_agreements.CheckMetadataAgreements.test_metadata_fullname_matches_postScriptName(): FAIL
bakery_lint.tests.downstream.test_metadata_agreements.CheckMetadataAgreements.test_metadata_regular_is_400(): OK
bakery_lint.tests.downstream.test_metadata_agreements.CheckMetadataAgreements.test_metadata_regular_is_normal(): FAIL
bakery_lint.tests.downstream.test_check_text_files_exist.CheckTextFilesExist.test_copyrighttxt_exists(): FAIL
bakery_lint.tests.downstream.test_check_text_files_exist.CheckTextFilesExist.test_description_exists(): OK
bakery_lint.tests.downstream.test_check_text_files_exist.CheckTextFilesExist.test_fontlogtxt_exists(): OK
bakery_lint.tests.downstream.test_check_text_files_exist.CheckTextFilesExist.test_licensetxt_exists(): FAIL
bakery_lint.tests.downstream.test_check_subsets_exists.CheckSubsetsExist.test_check_subsets_exists(): OK
bakery_lint.tests.downstream.test_check_monospace_agreements.CheckMonospaceAgreement.test_check_monospace_agreement(): OK
bakery_lint.tests.downstream.test_check_metadata_style_matches_names.CheckItalicStyleMatchesMacStyle.test_check_italic_style_matches_names(): OK
bakery_lint.tests.downstream.test_check_metadata_style_matches_names.CheckNormalStyleMatchesMacStyle.test_check_normal_style_matches_names(): OK
bakery_lint.tests.downstream.test_check_metadata_matches_nametable.CheckMetadataMatchesNameTable.test_check_metadata_matches_nametable(): OK
bakery_lint.tests.downstream.test_check_metadata_fields.CheckMetadataFields.test_check_metadata_fields(): OK
bakery_lint.tests.downstream.test_check_menu_contains_proper_glyphs.CheckMenuSubsetContainsProperGlyphs.test_check_menu_contains_proper_glyphs(): OK
bakery_lint.tests.downstream.test_check_glyph_consistency.CheckGlyphConsistencyInFamily.test_the_same_encodings_of_glyphs_across_family(): OK
bakery_lint.tests.downstream.test_check_glyph_consistency.CheckGlyphConsistencyInFamily.test_the_same_names_of_glyphs_across_family(): OK
bakery_lint.tests.downstream.test_check_glyph_consistency.CheckGlyphConsistencyInFamily.test_the_same_number_of_glyphs_across_family(): OK
bakery_lint.tests.downstream.test_check_font_name_not_in_camelcase.CheckFontNameNotInCamelCase.test_fontname_not_in_camel_case(): OK
bakery_lint.tests.downstream.test_check_files_menu_agreements.CheckFontsMenuAgreements.test_menu_file_agreement(): OK
bakery_lint.tests.downstream.test_check_familyname_matches_fontnames.CheckFamilyNameMatchesFontNames.test_check_familyname_matches_fontnames(): OK
bakery_lint.tests.downstream.test_check_canonical_weights.CheckCanonicalWeights.test_check_canonical_weights(): OK
bakery_lint.tests.downstream.test_check_canonical_weights.CheckPostScriptNameMatchesWeight.test_postscriptname_contains_correct_weight(): OK
bakery_lint.tests.downstream.test_check_canonical_weights.CheckFontWeightSameAsInMetadata.test_font_weight_same_as_in_metadata(): OK
bakery_lint.tests.downstream.test_check_canonical_weights.CheckFullNameEqualCanonicalName.test_metadata_contains_current_font(): OK
bakery_lint.tests.downstream.test_check_canonical_styles.CheckCanonicalStyles.test_check_canonical_styles(): OK
bakery_lint.tests.downstream.test_check_canonical_filenames.CheckCanonicalFilenames.test_check_canonical_filenames(): OK
{
  "name": "Leckerli One", 
  "designer": "Gesine Todt", 
  "license": "OFL", 
  "visibility": "External", 
  "category": "Handwriting", 
  "size": 25643, 
  "fonts": [
    {
      "name": "Leckerli One", 
      "postScriptName": "LeckerliOne-Regular", 
      "fullName": "Leckerli One", 
      "style": "normal", 
      "weight": 400, 
      "filename": "LeckerliOne-Regular-TTF.ttf", 
      "copyright": "Copyright (c) 2011 Gesine Todt (www.gesine-todt.de), with Reserved Font Names \"Leckerli\""
    }, 
    {
      "name": "Leckerli One", 
      "postScriptName": "LeckerliOne-Regular", 
      "fullName": "Leckerli One", 
      "style": "normal", 
      "weight": 400, 
      "filename": "LeckerliOne-Regular.ttf", 
      "copyright": "Copyright (c) 2011 Gesine Todt  (www.gesine-todt.de), with Reserved Font Names \"Leckerli\""
    }
  ], 
  "subsets": [
    "latin", 
    "menu"
  ], 
  "dateAdded": "2011-07-20"
}
